// Jest Snapshot v1, https://goo.gl/fbAQLP

exports[`extract to some place 1`] = `
Array [
  Object {
    "defaultMessage": "some defaultMessage",
    "id": "some id",
  },
  Object {
    "defaultMessage": "title defaultMessage",
    "id": "title id",
  },
  Object {
    "defaultMessage": "description defaultMessage",
    "id": "description id",
  },
]
`;
